// Jest Snapshot v1, https://goo.gl/fbAQLP

exports[`renders a snapshot for app component 1`] = `
<div
  className="App"
>
  <h2 />
  <div
    className="card"
    style={
      Object {
        "width": "18rem",
      }
    }
  >
    <img
      alt="profile picture"
      className="card-img-top"
      role="cardImage"
      src=""
    />
    <div
      className="card-body"
    >
      <div
        className="card-title h5"
      >
        Card Title
      </div>
      <p
        className="card-text"
      >
        Some quick example text to build on the card title and make up the bulk of the card's content.
      </p>
    </div>
  </div>
</div>
`;
